// Jest Snapshot v1, https://goo.gl/fbAQLP

exports[`<AuthRoute /> should match snapshot 1`] = `
<PermissionRoute
  permission="authenticated"
/>
`;
