// Jest Snapshot v1, https://goo.gl/fbAQLP

exports[`<AnonymousRoute /> should match snapshot 1`] = `
<PermissionRoute
  permission="anonymous"
/>
`;
