// Jest Snapshot v1, https://goo.gl/fbAQLP

exports[`<Episodes /> should match snapshot 1`] = `
<ApolloProvider
  client={
    ApolloClient {
      "cache": InMemoryCache {
        "addTypename": false,
        "cacheKeyRoot": KeyTrie {
          "weakness": true,
        },
        "config": Object {
          "addTypename": false,
          "dataIdFromObject": [Function],
          "fragmentMatcher": HeuristicFragmentMatcher {},
          "freezeResults": false,
          "resultCaching": true,
        },
        "data": DepTrackingCache {
          "data": Object {},
          "depend": [Function],
        },
        "maybeBroadcastWatch": [Function],
        "optimisticData": DepTrackingCache {
          "data": Object {},
          "depend": [Function],
        },
        "silenceBroadcast": false,
        "storeReader": StoreReader {
          "executeSelectionSet": [Function],
          "executeStoreQuery": [Function],
          "executeSubSelectedArray": [Function],
          "freezeResults": false,
        },
        "storeWriter": StoreWriter {},
        "typenameDocumentCache": Map {},
        "watches": Set {},
      },
      "clearStoreCallbacks": Array [],
      "defaultOptions": Object {},
      "disableNetworkFetches": false,
      "link": MockLink {
        "addTypename": false,
        "mockedResponsesByKey": Object {
          "{\\"query\\":\\"{\\\\n  allEpisodes(first: 100) {\\\\n    edges {\\\\n      node {\\\\n        id\\\\n        image\\\\n        title\\\\n        openingCrawl\\\\n      }\\\\n    }\\\\n  }\\\\n}\\\\n\\"}": Array [
            Object {
              "request": Object {
                "query": Object {
                  "definitions": Array [
                    Object {
                      "directives": Array [],
                      "kind": "OperationDefinition",
                      "operation": "query",
                      "selectionSet": Object {
                        "kind": "SelectionSet",
                        "selections": Array [
                          Object {
                            "arguments": Array [
                              Object {
                                "kind": "Argument",
                                "name": Object {
                                  "kind": "Name",
                                  "value": "first",
                                },
                                "value": Object {
                                  "kind": "IntValue",
                                  "value": "100",
                                },
                              },
                            ],
                            "directives": Array [],
                            "kind": "Field",
                            "name": Object {
                              "kind": "Name",
                              "value": "allEpisodes",
                            },
                            "selectionSet": Object {
                              "kind": "SelectionSet",
                              "selections": Array [
                                Object {
                                  "arguments": Array [],
                                  "directives": Array [],
                                  "kind": "Field",
                                  "name": Object {
                                    "kind": "Name",
                                    "value": "edges",
                                  },
                                  "selectionSet": Object {
                                    "kind": "SelectionSet",
                                    "selections": Array [
                                      Object {
                                        "arguments": Array [],
                                        "directives": Array [],
                                        "kind": "Field",
                                        "name": Object {
                                          "kind": "Name",
                                          "value": "node",
                                        },
                                        "selectionSet": Object {
                                          "kind": "SelectionSet",
                                          "selections": Array [
                                            Object {
                                              "arguments": Array [],
                                              "directives": Array [],
                                              "kind": "Field",
                                              "name": Object {
                                                "kind": "Name",
                                                "value": "id",
                                              },
                                            },
                                            Object {
                                              "arguments": Array [],
                                              "directives": Array [],
                                              "kind": "Field",
                                              "name": Object {
                                                "kind": "Name",
                                                "value": "image",
                                              },
                                            },
                                            Object {
                                              "arguments": Array [],
                                              "directives": Array [],
                                              "kind": "Field",
                                              "name": Object {
                                                "kind": "Name",
                                                "value": "title",
                                              },
                                            },
                                            Object {
                                              "arguments": Array [],
                                              "directives": Array [],
                                              "kind": "Field",
                                              "name": Object {
                                                "kind": "Name",
                                                "value": "openingCrawl",
                                              },
                                            },
                                          ],
                                        },
                                      },
                                    ],
                                  },
                                },
                              ],
                            },
                          },
                        ],
                      },
                      "variableDefinitions": Array [],
                    },
                  ],
                  "kind": "Document",
                  "loc": Object {
                    "end": 166,
                    "source": Object {
                      "body": "
  query {
    allEpisodes(first: 100) {
      edges {
        node {
          id
          image
          title
          openingCrawl
        }
      }
    }
  }
",
                      "locationOffset": Object {
                        "column": 1,
                        "line": 1,
                      },
                      "name": "GraphQL request",
                    },
                    "start": 0,
                  },
                },
              },
              "result": [Function],
            },
          ],
        },
      },
      "localState": LocalState {
        "cache": InMemoryCache {
          "addTypename": false,
          "cacheKeyRoot": KeyTrie {
            "weakness": true,
          },
          "config": Object {
            "addTypename": false,
            "dataIdFromObject": [Function],
            "fragmentMatcher": HeuristicFragmentMatcher {},
            "freezeResults": false,
            "resultCaching": true,
          },
          "data": DepTrackingCache {
            "data": Object {},
            "depend": [Function],
          },
          "maybeBroadcastWatch": [Function],
          "optimisticData": DepTrackingCache {
            "data": Object {},
            "depend": [Function],
          },
          "silenceBroadcast": false,
          "storeReader": StoreReader {
            "executeSelectionSet": [Function],
            "executeStoreQuery": [Function],
            "executeSubSelectedArray": [Function],
            "freezeResults": false,
          },
          "storeWriter": StoreWriter {},
          "typenameDocumentCache": Map {},
          "watches": Set {},
        },
        "client": [Circular],
      },
      "mutate": [Function],
      "query": [Function],
      "queryDeduplication": true,
      "queryManager": QueryManager {
        "assumeImmutableResults": false,
        "clientAwareness": Object {
          "name": undefined,
          "version": undefined,
        },
        "dataStore": DataStore {
          "cache": InMemoryCache {
            "addTypename": false,
            "cacheKeyRoot": KeyTrie {
              "weakness": true,
            },
            "config": Object {
              "addTypename": false,
              "dataIdFromObject": [Function],
              "fragmentMatcher": HeuristicFragmentMatcher {},
              "freezeResults": false,
              "resultCaching": true,
            },
            "data": DepTrackingCache {
              "data": Object {},
              "depend": [Function],
            },
            "maybeBroadcastWatch": [Function],
            "optimisticData": DepTrackingCache {
              "data": Object {},
              "depend": [Function],
            },
            "silenceBroadcast": false,
            "storeReader": StoreReader {
              "executeSelectionSet": [Function],
              "executeStoreQuery": [Function],
              "executeSubSelectedArray": [Function],
              "freezeResults": false,
            },
            "storeWriter": StoreWriter {},
            "typenameDocumentCache": Map {},
            "watches": Set {},
          },
        },
        "fetchQueryRejectFns": Map {},
        "idCounter": 1,
        "inFlightLinkObservables": Map {},
        "link": MockLink {
          "addTypename": false,
          "mockedResponsesByKey": Object {
            "{\\"query\\":\\"{\\\\n  allEpisodes(first: 100) {\\\\n    edges {\\\\n      node {\\\\n        id\\\\n        image\\\\n        title\\\\n        openingCrawl\\\\n      }\\\\n    }\\\\n  }\\\\n}\\\\n\\"}": Array [
              Object {
                "request": Object {
                  "query": Object {
                    "definitions": Array [
                      Object {
                        "directives": Array [],
                        "kind": "OperationDefinition",
                        "operation": "query",
                        "selectionSet": Object {
                          "kind": "SelectionSet",
                          "selections": Array [
                            Object {
                              "arguments": Array [
                                Object {
                                  "kind": "Argument",
                                  "name": Object {
                                    "kind": "Name",
                                    "value": "first",
                                  },
                                  "value": Object {
                                    "kind": "IntValue",
                                    "value": "100",
                                  },
                                },
                              ],
                              "directives": Array [],
                              "kind": "Field",
                              "name": Object {
                                "kind": "Name",
                                "value": "allEpisodes",
                              },
                              "selectionSet": Object {
                                "kind": "SelectionSet",
                                "selections": Array [
                                  Object {
                                    "arguments": Array [],
                                    "directives": Array [],
                                    "kind": "Field",
                                    "name": Object {
                                      "kind": "Name",
                                      "value": "edges",
                                    },
                                    "selectionSet": Object {
                                      "kind": "SelectionSet",
                                      "selections": Array [
                                        Object {
                                          "arguments": Array [],
                                          "directives": Array [],
                                          "kind": "Field",
                                          "name": Object {
                                            "kind": "Name",
                                            "value": "node",
                                          },
                                          "selectionSet": Object {
                                            "kind": "SelectionSet",
                                            "selections": Array [
                                              Object {
                                                "arguments": Array [],
                                                "directives": Array [],
                                                "kind": "Field",
                                                "name": Object {
                                                  "kind": "Name",
                                                  "value": "id",
                                                },
                                              },
                                              Object {
                                                "arguments": Array [],
                                                "directives": Array [],
                                                "kind": "Field",
                                                "name": Object {
                                                  "kind": "Name",
                                                  "value": "image",
                                                },
                                              },
                                              Object {
                                                "arguments": Array [],
                                                "directives": Array [],
                                                "kind": "Field",
                                                "name": Object {
                                                  "kind": "Name",
                                                  "value": "title",
                                                },
                                              },
                                              Object {
                                                "arguments": Array [],
                                                "directives": Array [],
                                                "kind": "Field",
                                                "name": Object {
                                                  "kind": "Name",
                                                  "value": "openingCrawl",
                                                },
                                              },
                                            ],
                                          },
                                        },
                                      ],
                                    },
                                  },
                                ],
                              },
                            },
                          ],
                        },
                        "variableDefinitions": Array [],
                      },
                    ],
                    "kind": "Document",
                    "loc": Object {
                      "end": 166,
                      "source": Object {
                        "body": "
  query {
    allEpisodes(first: 100) {
      edges {
        node {
          id
          image
          title
          openingCrawl
        }
      }
    }
  }
",
                        "locationOffset": Object {
                          "column": 1,
                          "line": 1,
                        },
                        "name": "GraphQL request",
                      },
                      "start": 0,
                    },
                  },
                },
                "result": [Function],
              },
            ],
          },
        },
        "localState": LocalState {
          "cache": InMemoryCache {
            "addTypename": false,
            "cacheKeyRoot": KeyTrie {
              "weakness": true,
            },
            "config": Object {
              "addTypename": false,
              "dataIdFromObject": [Function],
              "fragmentMatcher": HeuristicFragmentMatcher {},
              "freezeResults": false,
              "resultCaching": true,
            },
            "data": DepTrackingCache {
              "data": Object {},
              "depend": [Function],
            },
            "maybeBroadcastWatch": [Function],
            "optimisticData": DepTrackingCache {
              "data": Object {},
              "depend": [Function],
            },
            "silenceBroadcast": false,
            "storeReader": StoreReader {
              "executeSelectionSet": [Function],
              "executeStoreQuery": [Function],
              "executeSubSelectedArray": [Function],
              "freezeResults": false,
            },
            "storeWriter": StoreWriter {},
            "typenameDocumentCache": Map {},
            "watches": Set {},
          },
          "client": [Circular],
        },
        "mutationStore": MutationStore {
          "store": Object {},
        },
        "onBroadcast": [Function],
        "pollingInfoByQueryId": Map {},
        "queries": Map {},
        "queryDeduplication": true,
        "queryStore": QueryStore {
          "store": Object {},
        },
        "ssrMode": false,
        "transformCache": WeakMap {},
      },
      "reFetchObservableQueries": [Function],
      "resetStore": [Function],
      "resetStoreCallbacks": Array [],
      "store": DataStore {
        "cache": InMemoryCache {
          "addTypename": false,
          "cacheKeyRoot": KeyTrie {
            "weakness": true,
          },
          "config": Object {
            "addTypename": false,
            "dataIdFromObject": [Function],
            "fragmentMatcher": HeuristicFragmentMatcher {},
            "freezeResults": false,
            "resultCaching": true,
          },
          "data": DepTrackingCache {
            "data": Object {},
            "depend": [Function],
          },
          "maybeBroadcastWatch": [Function],
          "optimisticData": DepTrackingCache {
            "data": Object {},
            "depend": [Function],
          },
          "silenceBroadcast": false,
          "storeReader": StoreReader {
            "executeSelectionSet": [Function],
            "executeStoreQuery": [Function],
            "executeSubSelectedArray": [Function],
            "freezeResults": false,
          },
          "storeWriter": StoreWriter {},
          "typenameDocumentCache": Map {},
          "watches": Set {},
        },
      },
      "typeDefs": undefined,
      "version": "2.6.3",
      "watchQuery": [Function],
    }
  }
>
  <Episodes />
</ApolloProvider>
`;
