// Jest Snapshot v1, https://goo.gl/fbAQLP

exports[`<Logout /> should match snapshot 1`] = `
<Redirect
  to="/login"
/>
`;
